BEFORE:
Fake Database.
All Customers {

    Customer {
        externalId='conflicting id'
        masterExternalId='null'
        companyNumber='12345'
        bonusPointsBalance='null'
        internalId='45435'
        name='null'
        customerType=COMPANY
        preferredStore='null'
        address='null'
        shoppingLists=[]
    }

}
All Shopping Lists
[]
SYNCING THIS:
ExternalCustomer {
    externalId='45646'
    companyNumber='12345'
    bonusPointsBalance='null'
    name='Acme Inc.'
    preferredStore='null'
    address='123 main st, SE-123 45 Helsingborg'
    shoppingLists=[[lipstick, blusher]]
}
AFTER:
Fake Database.
All Customers {

    Customer {
        externalId='conflicting id'
        masterExternalId='null'
        companyNumber='12345'
        bonusPointsBalance='null'
        internalId='45435'
        name='null'
        customerType=COMPANY
        preferredStore='null'
        address='null'
        shoppingLists=[]
    }

}
All Shopping Lists
[]